===== KTX NETLAB AUDIT =====
Sat May 30 12:34:06 PM PST 2026

===== HOST =====
 Static hostname: ktx-netlab
       Icon name: computer-laptop
         Chassis: laptop 💻
      Machine ID: 9622e785b19246b7bc07ff62317f9449
         Boot ID: ff9f02e9ad4e4c9fbc04eb98129eba7f
Operating System: Arch Linux
          Kernel: Linux 6.18.33-1-lts
    Architecture: x86-64
 Hardware Vendor: Dell Inc.
  Hardware Model: Inspiron N5040
Hardware Version: A04
Firmware Version: A04
   Firmware Date: Fri 2012-03-23
    Firmware Age: 14y 2month 6d

===== OS =====
NAME="Arch Linux"
PRETTY_NAME="Arch Linux"
ID=arch
BUILD_ID=rolling
ANSI_COLOR="38;2;23;147;209"
HOME_URL="https://archlinux.org/"
DOCUMENTATION_URL="https://wiki.archlinux.org/"
SUPPORT_URL="https://bbs.archlinux.org/"
BUG_REPORT_URL="https://gitlab.archlinux.org/groups/archlinux/-/issues"
PRIVACY_POLICY_URL="https://terms.archlinux.org/docs/privacy-policy/"
LOGO=archlinux-logo
Kernel: 6.18.33-1-lts

===== UPTIME / LOAD =====
 12:34:06 up  2:14,  2 users,  load average: 1.10, 0.75, 0.31

===== CPU =====
Architecture:                            x86_64
CPU(s):                                  4
On-line CPU(s) list:                     0-3
Model name:                              Intel(R) Core(TM) i3 CPU       M 390  @ 2.67GHz
Thread(s) per core:                      2
Core(s) per socket:                      2
Socket(s):                               1
CPU(s) scaling MHz:                      100%
Virtualization:                          VT-x
NUMA node0 CPU(s):                       0-3

===== MEMORY =====
               total        used        free      shared  buff/cache   available
Mem:           7.6Gi       1.1Gi       5.4Gi        62Mi       1.3Gi       6.5Gi
Swap:          4.0Gi          0B       4.0Gi

===== DISK =====
NAME     SIZE TYPE FSTYPE LABEL   MOUNTPOINTS MODEL
sda    465.8G disk                            TOSHIBA MK5076GSX
└─sda1 465.8G part ext4   KTXROOT /           
sdb        0B disk                            Multi-Card
sr0     1024M rom                             PLDS DVD+/-RW DS-8A8SH

Filesystem     Type      Size  Used Avail Use% Mounted on
/dev/sda1      ext4      458G   11G  425G   3% /
devtmpfs       devtmpfs  3.8G     0  3.8G   0% /dev
tmpfs          tmpfs     3.8G     0  3.8G   0% /dev/shm
tmpfs          tmpfs     1.6G  1.1M  1.6G   1% /run
none           tmpfs     1.0M     0  1.0M   0% /run/credentials/systemd-journald.service
tmpfs          tmpfs     3.8G  8.0K  3.8G   1% /tmp
tmpfs          tmpfs     774M   36K  774M   1% /run/user/1000

===== NETWORK INTERFACES =====
lo               UNKNOWN        00:00:00:00:00:00 <LOOPBACK,UP,LOWER_UP> 
enp19s0          UP             24:b6:fd:51:2c:30 <BROADCAST,MULTICAST,UP,LOWER_UP> 
wlp18s0b1        DOWN           0a:cc:2c:52:c2:59 <NO-CARRIER,BROADCAST,MULTICAST,UP> 
docker0          DOWN           36:f6:df:3e:d1:34 <NO-CARRIER,BROADCAST,MULTICAST,UP> 

lo               UNKNOWN        127.0.0.1/8 ::1/128 
enp19s0          UP             192.168.254.160/24 fe80::5106:ba3c:64f4:1b61/64 
wlp18s0b1        DOWN           
docker0          DOWN           172.17.0.1/16 

===== ROUTES =====
default via 192.168.254.254 dev enp19s0 proto dhcp src 192.168.254.160 metric 100 
172.17.0.0/16 dev docker0 proto kernel scope link src 172.17.0.1 linkdown 
192.168.254.0/24 dev enp19s0 proto kernel scope link src 192.168.254.160 metric 100 

===== DNS =====
# Generated by NetworkManager
nameserver 192.168.254.254


; <<>> DiG 9.20.23 <<>> archlinux.org
;; global options: +cmd
;; Got answer:
;; ->>HEADER<<- opcode: QUERY, status: NOERROR, id: 9085
;; flags: qr rd ra; QUERY: 1, ANSWER: 1, AUTHORITY: 0, ADDITIONAL: 1

;; OPT PSEUDOSECTION:
; EDNS: version: 0, flags:; udp: 1220
; COOKIE: d787b56ee951eba5010000006a1a68bff488c3bcde6653e3 (good)
;; QUESTION SECTION:
;archlinux.org.			IN	A

;; ANSWER SECTION:
archlinux.org.		60	IN	A	209.126.35.79

;; Query time: 580 msec
;; SERVER: 192.168.254.254#53(192.168.254.254) (UDP)
;; WHEN: Sat May 30 12:34:07 PST 2026
;; MSG SIZE  rcvd: 86


===== CONNECTIVITY =====
--- Gateway ---
PING 192.168.254.254 (192.168.254.254) 56(84) bytes of data.
64 bytes from 192.168.254.254: icmp_seq=1 ttl=64 time=14.5 ms
64 bytes from 192.168.254.254: icmp_seq=2 ttl=64 time=2.64 ms
64 bytes from 192.168.254.254: icmp_seq=3 ttl=64 time=9.34 ms
64 bytes from 192.168.254.254: icmp_seq=4 ttl=64 time=24.4 ms

--- 192.168.254.254 ping statistics ---
4 packets transmitted, 4 received, 0% packet loss, time 3004ms
rtt min/avg/max/mdev = 2.637/12.729/24.409/7.952 ms

--- Public IP test ---
PING 1.1.1.1 (1.1.1.1) 56(84) bytes of data.
64 bytes from 1.1.1.1: icmp_seq=1 ttl=60 time=35.7 ms
64 bytes from 1.1.1.1: icmp_seq=2 ttl=60 time=19.1 ms
64 bytes from 1.1.1.1: icmp_seq=3 ttl=60 time=19.9 ms
64 bytes from 1.1.1.1: icmp_seq=4 ttl=60 time=18.1 ms

--- 1.1.1.1 ping statistics ---
4 packets transmitted, 4 received, 0% packet loss, time 3004ms
rtt min/avg/max/mdev = 18.127/23.215/35.728/7.252 ms

--- Domain test ---
PING archlinux.org (209.126.35.79) 56(84) bytes of data.
64 bytes from 209.126.35.79: icmp_seq=1 ttl=54 time=196 ms
64 bytes from 209.126.35.79: icmp_seq=2 ttl=54 time=197 ms
64 bytes from 209.126.35.79: icmp_seq=3 ttl=54 time=193 ms
64 bytes from 209.126.35.79: icmp_seq=4 ttl=54 time=198 ms

--- archlinux.org ping statistics ---
4 packets transmitted, 4 received, 0% packet loss, time 4459ms
rtt min/avg/max/mdev = 192.631/195.694/197.704/1.930 ms

===== SERVICES =====
NetworkManager      active
sshd                active
docker              active
caddy               active
lightdm             active

===== DOCKER =====
Docker version 29.5.1, build 2518b52d94
CONTAINER ID   IMAGE     COMMAND   CREATED   STATUS    PORTS     NAMES

===== TOOL VERSIONS =====
--- git ---
/usr/bin/git
git version 2.54.0
--- nmap ---
/usr/bin/nmap
Nmap version 7.99 ( https://nmap.org )
Platform: x86_64-pc-linux-gnu
Compiled with: liblua-5.4.8 openssl-3.6.2 libssh2-1.11.1 libz-1.3.2 libpcre2-10.47 libpcap-1.10.6 nmap-libdnet-1.18.0 ipv6
--- tcpdump ---
/usr/bin/tcpdump
tcpdump version 4.99.6
libpcap version 1.10.6 (64-bit time_t, with TPACKET_V3)
OpenSSL 3.6.2 7 Apr 2026
--- dig ---
/usr/bin/dig
--- traceroute ---
/usr/bin/traceroute
--- python ---
/usr/bin/python
Python 3.14.5
--- node ---
/usr/bin/node
v26.2.0
--- pnpm ---
/usr/bin/pnpm
11.3.0
--- caddy ---
/usr/bin/caddy
v2.11.3
--- docker ---
/usr/bin/docker
Docker version 29.5.1, build 2518b52d94

===== AUDIT COMPLETE =====
